#~/Documents/html_copy/html$ cp head.php /home/chris/git/lab_website/
#~/Documents/html_copy/html$ cd /home/chris/git/lab_website/
#~/git/lab_website$ ls
head.php  index.php  README.md

#~/git/lab_website$ git add head.php 
#~/git/lab_website$ git commit -m "adding head.php"

*** Please tell me who you are.

Run

  git config --global user.email "you@example.com"
  git config --global user.name "Your Name"

to set your account's default identity.
Omit --global to set the identity only in this repository.

fatal: unable to auto-detect email address (got 'chris@laptop.(none)')
#~/git/lab_website$ git config --global user.email "cnichols.mail@gmail.com"
#~/git/lab_website$ git config --global user.name "cnichols-git"
#~/git/lab_website$ git push
Username for 'https://github.com': cnichols-git
Password for 'https://cnichols-git@github.com': 
Everything up-to-date
#~/git/lab_website$ git status
On branch master
Your branch is up to date with 'origin/master'.

Changes to be committed:
  (use "git reset HEAD <file>..." to unstage)

	new file:   head.php

#~/git/lab_website$ git add --all .
#~/git/lab_website$ git commit -a -m "added stuff"
[master 97bb7df] added stuff
 1 file changed, 11 insertions(+)
 create mode 100755 head.php
#~/git/lab_website$ git push
Username for 'https://github.com': cnichols-git
Password for 'https://cnichols-git@github.com': 
Counting objects: 3, done.
Delta compression using up to 2 threads.
Compressing objects: 100% (3/3), done.
Writing objects: 100% (3/3), 812 bytes | 812.00 KiB/s, done.
Total 3 (delta 0), reused 0 (delta 0)
To https://github.com/cnichols-git/lab_website.git
   ee26c8d..97bb7df  master -> master
#~/git/lab_website$ 

